REFERENCE/STIMULUS FUNCTIONAL COVERAGE: 54/54 points
BEQ_taken                        COVERED
BEQ_not_taken                    COVERED
BNE_taken                        COVERED
BNE_not_taken                    COVERED
BLT_taken                        COVERED
BLT_not_taken                    COVERED
BGE_taken                        COVERED
BGE_not_taken                    COVERED
BLTU_taken                       COVERED
BLTU_not_taken                   COVERED
BGEU_taken                       COVERED
BGEU_not_taken                   COVERED
load_LB                          COVERED
load_LH                          COVERED
load_LW                          COVERED
load_LBU                         COVERED
load_LHU                         COVERED
store_SB                         COVERED
store_SH                         COVERED
store_SW                         COVERED
store_lane_SB_lane0              COVERED
store_lane_SB_lane1              COVERED
store_lane_SB_lane2              COVERED
store_lane_SB_lane3              COVERED
store_lane_SH_lane0              COVERED
store_lane_SH_lane2              COVERED
m_MUL                            COVERED
m_MULH                           COVERED
m_MULHSU                         COVERED
m_MULHU                          COVERED
m_DIV                            COVERED
m_DIVU                           COVERED
m_REM                            COVERED
m_REMU                           COVERED
trap_instruction_misaligned      COVERED
trap_breakpoint                  COVERED
trap_illegal                     COVERED
trap_load_misaligned             COVERED
trap_store_misaligned            COVERED
trap_ecall                       COVERED
issue_dual_issue                 COVERED
issue_raw_block                  COVERED
issue_waw_block                  COVERED
issue_structural_block           COVERED
issue_load_use_stall             COVERED
issue_divider_stall              COVERED
issue_redirect_bubble            COVERED
illegal_jalr_funct3              COVERED
illegal_branch_funct3            COVERED
illegal_load_funct3              COVERED
illegal_store_funct3             COVERED
illegal_shift_encoding           COVERED
illegal_op_encoding              COVERED
illegal_system                   COVERED
